// Jest Snapshot v1, https://goo.gl/fbAQLP

exports[`basic portfolio calculate pool value (global) 1`] = `
{
  "@type": "/osmosis.gamm.v1beta1.Pool",
  "address": "osmo1mw0ac6rwlp5r8wapwk3zs6g29h8fcscxqakdzw9emkne6c8wjp9q0t3v8t",
  "displayPoolAssets": [
    {
      "allocation": "0.500000000000000000",
      "symbol": "ATOM",
      "token": {
        "amount": "6196127370623",
        "denom": "ibc/27394FB092D2ECCD56123C74F36E4C1F926001CEADA9CA97EA622B25F41E5EB2",
      },
      "value": {
        "amount": "6196127370623",
        "denom": "ibc/27394FB092D2ECCD56123C74F36E4C1F926001CEADA9CA97EA622B25F41E5EB2",
        "displayAmount": "6196127.3706230000000000",
        "symbol": "ATOM",
        "value": "226964145.585920490000000000",
      },
      "weight": "536870912000000",
    },
    {
      "allocation": "0.500000000000000000",
      "symbol": "OSMO",
      "token": {
        "amount": "24164665575940",
        "denom": "uosmo",
      },
      "value": {
        "amount": "24164665575940",
        "denom": "uosmo",
        "displayAmount": "24164665.5759400000000000",
        "symbol": "OSMO",
        "value": "219898456.741054000000000000",
      },
      "weight": "536870912000000",
    },
  ],
  "future_pool_governor": "24h",
  "id": "1",
  "name": "ATOM/OSMO",
  "poolAssets": [
    {
      "token": {
        "amount": "6196127370623",
        "denom": "ibc/27394FB092D2ECCD56123C74F36E4C1F926001CEADA9CA97EA622B25F41E5EB2",
      },
      "weight": "536870912000000",
    },
    {
      "token": {
        "amount": "24164665575940",
        "denom": "uosmo",
      },
      "weight": "536870912000000",
    },
  ],
  "poolParams": {
    "exitFee": "0.000000000000000000",
    "smoothWeightChangeParams": null,
    "swapFee": "0.003000000000000000",
  },
  "pricePerShareEn18": "1.353191082134661833",
  "totalShares": {
    "amount": "330228752041469100486167962",
    "denom": "gamm/pool/1",
  },
  "totalValue": "446862602.326974490000000000",
  "totalWeight": "1073741824000000",
}
`;

exports[`basic portfolio calculate pool value (global) 2`] = `
{
  "@type": "/osmosis.gamm.v1beta1.Pool",
  "address": "osmo1500hy75krs9e8t50aav6fahk8sxhajn9ctp40qwvvn8tcprkk6wszun4a5",
  "displayPoolAssets": [
    {
      "allocation": "0.800000000000000000",
      "symbol": "ION",
      "token": {
        "amount": "1289632142",
        "denom": "uion",
      },
      "value": {
        "amount": "1289632142",
        "denom": "uion",
        "displayAmount": "1289.6321420000000000",
        "symbol": "ION",
        "value": "15871722.009058140000000000",
      },
      "weight": "858993459200000",
    },
    {
      "allocation": "0.200000000000000000",
      "symbol": "OSMO",
      "token": {
        "amount": "374852643996",
        "denom": "uosmo",
      },
      "value": {
        "amount": "374852643996",
        "denom": "uosmo",
        "displayAmount": "374852.6439960000000000",
        "symbol": "OSMO",
        "value": "3411159.060363600000000000",
      },
      "weight": "214748364800000",
    },
  ],
  "future_pool_governor": "24h",
  "id": "2",
  "name": "ION/OSMO",
  "poolAssets": [
    {
      "token": {
        "amount": "1289632142",
        "denom": "uion",
      },
      "weight": "858993459200000",
    },
    {
      "token": {
        "amount": "374852643996",
        "denom": "uosmo",
      },
      "weight": "214748364800000",
    },
  ],
  "poolParams": {
    "exitFee": "0.000000000000000000",
    "smoothWeightChangeParams": null,
    "swapFee": "0.005000000000000000",
  },
  "pricePerShareEn18": "0.033356510160954713",
  "totalShares": {
    "amount": "578084487147375945198234662",
    "denom": "gamm/pool/2",
  },
  "totalValue": "19282881.069421740000000000",
  "totalWeight": "1073741824000000",
}
`;

exports[`basic portfolio calculate pool value (user LP) 1`] = `
[
  {
    "allocation": "0.000605640783134730",
    "amount": "200000000000000000000000",
    "denom": "gamm/pool/1",
    "poolId": "1",
    "value": "270638.216426932366600000",
  },
  {
    "allocation": "0.000253128757038658",
    "amount": "30000000000000000000000",
    "denom": "gamm/pool/3",
    "poolId": "3",
    "value": "4330.186885199967510000",
  },
  {
    "allocation": "0.000129634118058923",
    "amount": "200000000000000000000",
    "denom": "gamm/pool/497",
    "poolId": "497",
    "value": "8518.233743970210449000",
  },
  {
    "allocation": "0.000194949317110967",
    "amount": "200000000000000000000",
    "denom": "gamm/pool/498",
    "poolId": "498",
    "value": "6846.902582193164397200",
  },
  {
    "allocation": "0.000823648302085465",
    "amount": "2000000000000000000000",
    "denom": "gamm/pool/560",
    "poolId": "560",
    "value": "136432.924546437365508000",
  },
  {
    "allocation": "0.001571098840962919",
    "amount": "2000000000000000000000",
    "denom": "gamm/pool/561",
    "poolId": "561",
    "value": "157337.879201456213406000",
  },
  {
    "allocation": "0.000859150633350290",
    "amount": "10000000000000000000000",
    "denom": "gamm/pool/562",
    "poolId": "562",
    "value": "77540.773872313374540000",
  },
  {
    "allocation": "0.003154527457664443",
    "amount": "40000000000000000000",
    "denom": "gamm/pool/574",
    "poolId": "574",
    "value": "3897.231987672775110920",
  },
  {
    "allocation": "0.000112113695458640",
    "amount": "20000000000000000000",
    "denom": "gamm/pool/584",
    "poolId": "584",
    "value": "2491.921109143138145200",
  },
  {
    "allocation": "0.000284973851341675",
    "amount": "400000000000000000",
    "denom": "gamm/pool/586",
    "poolId": "586",
    "value": "966.136017891560089098",
  },
  {
    "allocation": "0.001881084103809568",
    "amount": "30000000000000000000",
    "denom": "gamm/pool/592",
    "poolId": "592",
    "value": "2018.327121160328346450",
  },
  {
    "allocation": "0.001451608217100695",
    "amount": "40000000000000000000000000",
    "denom": "gamm/pool/6",
    "poolId": "6",
    "value": "16951.617876197840000000",
  },
  {
    "allocation": "0.004636281048913086",
    "amount": "500000000000000000",
    "denom": "gamm/pool/600",
    "poolId": "600",
    "value": "98921.447607331903882465",
  },
  {
    "allocation": "0.003314039294840055",
    "amount": "200000000000000000000",
    "denom": "gamm/pool/601",
    "poolId": "601",
    "value": "96266.091784710176650000",
  },
  {
    "allocation": "0.002790732001431487",
    "amount": "400000000000000000",
    "denom": "gamm/pool/604",
    "poolId": "604",
    "value": "69503.311488876927299390",
  },
  {
    "allocation": "0.000833536196060654",
    "amount": "300000000000000000000000",
    "denom": "gamm/pool/606",
    "poolId": "606",
    "value": "4639.142154504306300000",
  },
  {
    "allocation": "0.002495331745914565",
    "amount": "4000000000000000000000",
    "denom": "gamm/pool/611",
    "poolId": "611",
    "value": "55416.695638305216960000",
  },
  {
    "allocation": "0.000361151773147753",
    "amount": "600000000000000000000000",
    "denom": "gamm/pool/9",
    "poolId": "9",
    "value": "7237.691351195863200000",
  },
]
`;
