// Jest Snapshot v1, https://goo.gl/fbAQLP

exports[`basic portfolio calculate pool value (global) 1`] = `
{
  "@type": "/osmosis.gamm.v1beta1.Pool",
  "address": "osmo1mw0ac6rwlp5r8wapwk3zs6g29h8fcscxqakdzw9emkne6c8wjp9q0t3v8t",
  "displayPoolAssets": [
    {
      "allocation": "0.500000000000000000",
      "symbol": "ATOM",
      "token": {
        "amount": "6196127370623",
        "denom": "ibc/27394FB092D2ECCD56123C74F36E4C1F926001CEADA9CA97EA622B25F41E5EB2",
      },
      "value": {
        "amount": "6196127370623",
        "denom": "ibc/27394FB092D2ECCD56123C74F36E4C1F926001CEADA9CA97EA622B25F41E5EB2",
        "displayAmount": "6196127.3706230000000000",
        "symbol": "ATOM",
        "value": "177704932.989467640000000000",
      },
      "weight": "536870912000000",
    },
    {
      "allocation": "0.500000000000000000",
      "symbol": "OSMO",
      "token": {
        "amount": "24164665575940",
        "denom": "uosmo",
      },
      "value": {
        "amount": "24164665575940",
        "denom": "uosmo",
        "displayAmount": "24164665.5759400000000000",
        "symbol": "OSMO",
        "value": "192274877.973079645995294000",
      },
      "weight": "536870912000000",
    },
  ],
  "future_pool_governor": "24h",
  "id": "1",
  "name": "ATOM/OSMO",
  "poolAssets": [
    {
      "token": {
        "amount": "6196127370623",
        "denom": "ibc/27394FB092D2ECCD56123C74F36E4C1F926001CEADA9CA97EA622B25F41E5EB2",
      },
      "weight": "536870912000000",
    },
    {
      "token": {
        "amount": "24164665575940",
        "denom": "uosmo",
      },
      "weight": "536870912000000",
    },
  ],
  "poolParams": {
    "exitFee": "0.000000000000000000",
    "smoothWeightChangeParams": null,
    "swapFee": "0.003000000000000000",
  },
  "pricePerShareEn18": "1.120374312276982990",
  "totalShares": {
    "amount": "330228752041469100486167962",
    "denom": "gamm/pool/1",
  },
  "totalValue": "369979810.962547285995294000",
  "totalWeight": "1073741824000000",
}
`;

exports[`basic portfolio calculate pool value (global) 2`] = `
{
  "@type": "/osmosis.gamm.v1beta1.Pool",
  "address": "osmo1500hy75krs9e8t50aav6fahk8sxhajn9ctp40qwvvn8tcprkk6wszun4a5",
  "displayPoolAssets": [
    {
      "allocation": "0.800000000000000000",
      "symbol": "ION",
      "token": {
        "amount": "1289632142",
        "denom": "uion",
      },
      "value": {
        "amount": "1289632142",
        "denom": "uion",
        "displayAmount": "1289.6321420000000000",
        "symbol": "ION",
        "value": "9242398.488722249628278000",
      },
      "weight": "858993459200000",
    },
    {
      "allocation": "0.200000000000000000",
      "symbol": "OSMO",
      "token": {
        "amount": "374852643996",
        "denom": "uosmo",
      },
      "value": {
        "amount": "374852643996",
        "denom": "uosmo",
        "displayAmount": "374852.6439960000000000",
        "symbol": "OSMO",
        "value": "2982650.273214611841579600",
      },
      "weight": "214748364800000",
    },
  ],
  "future_pool_governor": "24h",
  "id": "2",
  "name": "ION/OSMO",
  "poolAssets": [
    {
      "token": {
        "amount": "1289632142",
        "denom": "uion",
      },
      "weight": "858993459200000",
    },
    {
      "token": {
        "amount": "374852643996",
        "denom": "uosmo",
      },
      "weight": "214748364800000",
    },
  ],
  "poolParams": {
    "exitFee": "0.000000000000000000",
    "smoothWeightChangeParams": null,
    "swapFee": "0.005000000000000000",
  },
  "pricePerShareEn18": "0.021147512230024998",
  "totalShares": {
    "amount": "578084487147375945198234662",
    "denom": "gamm/pool/2",
  },
  "totalValue": "12225048.761936861469857600",
  "totalWeight": "1073741824000000",
}
`;

exports[`basic portfolio calculate pool value (user LP) 1`] = `
[
  {
    "allocation": "0.000605640783134730",
    "amount": "200000000000000000000000",
    "denom": "gamm/pool/1",
    "poolId": "1",
    "value": "224074.862455396598000000",
  },
  {
    "allocation": "0.000253128757038658",
    "amount": "30000000000000000000000",
    "denom": "gamm/pool/3",
    "poolId": "3",
    "value": "3735.451824254257950000",
  },
  {
    "allocation": "0.000129634118058923",
    "amount": "200000000000000000000",
    "denom": "gamm/pool/497",
    "poolId": "497",
    "value": "8357.493733468796757400",
  },
  {
    "allocation": "0.000194949317110967",
    "amount": "200000000000000000000",
    "denom": "gamm/pool/498",
    "poolId": "498",
    "value": "6394.882662150188691200",
  },
  {
    "allocation": "0.000823648302085465",
    "amount": "2000000000000000000000",
    "denom": "gamm/pool/560",
    "poolId": "560",
    "value": "127579.519279997745894000",
  },
  {
    "allocation": "0.001571098840962919",
    "amount": "2000000000000000000000",
    "denom": "gamm/pool/561",
    "poolId": "561",
    "value": "129236.217503565187190000",
  },
  {
    "allocation": "0.000859150633350290",
    "amount": "10000000000000000000000",
    "denom": "gamm/pool/562",
    "poolId": "562",
    "value": "68413.640194239448790000",
  },
  {
    "allocation": "0.003154527457664443",
    "amount": "40000000000000000000",
    "denom": "gamm/pool/574",
    "poolId": "574",
    "value": "5325.237935985967395280",
  },
  {
    "allocation": "0.000112113695458640",
    "amount": "20000000000000000000",
    "denom": "gamm/pool/584",
    "poolId": "584",
    "value": "2340.483596573215542340",
  },
  {
    "allocation": "0.000284973851341675",
    "amount": "400000000000000000",
    "denom": "gamm/pool/586",
    "poolId": "586",
    "value": "959.425749707584201966",
  },
  {
    "allocation": "0.001881084103809568",
    "amount": "30000000000000000000",
    "denom": "gamm/pool/592",
    "poolId": "592",
    "value": "3323.709728892241631040",
  },
  {
    "allocation": "0.001451608217100695",
    "amount": "40000000000000000000000000",
    "denom": "gamm/pool/6",
    "poolId": "6",
    "value": "12963.451454377000000000",
  },
  {
    "allocation": "0.004636281048913086",
    "amount": "500000000000000000",
    "denom": "gamm/pool/600",
    "poolId": "600",
    "value": "70745.986214554629756573",
  },
  {
    "allocation": "0.003314039294840055",
    "amount": "200000000000000000000",
    "denom": "gamm/pool/601",
    "poolId": "601",
    "value": "73243.341009688423741200",
  },
  {
    "allocation": "0.002790732001431487",
    "amount": "400000000000000000",
    "denom": "gamm/pool/604",
    "poolId": "604",
    "value": "65906.214529462009845624",
  },
  {
    "allocation": "0.000833536196060654",
    "amount": "300000000000000000000000",
    "denom": "gamm/pool/606",
    "poolId": "606",
    "value": "4059.264921460508100000",
  },
  {
    "allocation": "0.002495331745914565",
    "amount": "4000000000000000000000",
    "denom": "gamm/pool/611",
    "poolId": "611",
    "value": "50179.959865797019808000",
  },
  {
    "allocation": "0.000361151773147753",
    "amount": "600000000000000000000000",
    "denom": "gamm/pool/9",
    "poolId": "9",
    "value": "7395.407933505082200000",
  },
]
`;
