// Jest Snapshot v1, https://goo.gl/fbAQLP

exports[`subtraction 1`] = `
[
  {
    "amount": "990000000.000000000000000000",
    "denom": "ibc/27394FB092D2ECCD56123C74F36E4C1F926001CEADA9CA97EA622B25F41E5EB2",
  },
  {
    "amount": "900000000.000000000000000000",
    "denom": "uosmo",
  },
]
`;

exports[`subtraction 2 1`] = `
[
  {
    "amount": "1000000000.0000000000000000",
    "denom": "ibc/27394FB092D2ECCD56123C74F36E4C1F926001CEADA9CA97EA622B25F41E5EB2",
    "displayAmount": "1000.0000000000000000",
    "symbol": "ATOM",
    "value": "36630.000000000000000000",
  },
  {
    "amount": "1000000000.0000000000000000",
    "denom": "uosmo",
    "displayAmount": "1000.0000000000000000",
    "symbol": "OSMO",
    "value": "9100.000000000000000000",
  },
]
`;

exports[`subtraction 2 2`] = `
[
  {
    "amount": "10000000.0000000000000000",
    "denom": "ibc/27394FB092D2ECCD56123C74F36E4C1F926001CEADA9CA97EA622B25F41E5EB2",
    "displayAmount": "10.0000000000000000",
    "symbol": "ATOM",
    "value": "366.300000000000000000",
  },
  {
    "amount": "100000000.0000000000000000",
    "denom": "uosmo",
    "displayAmount": "100.0000000000000000",
    "symbol": "OSMO",
    "value": "910.000000000000000000",
  },
]
`;

exports[`subtraction 2 3`] = `
[
  {
    "amount": "990000000.000000000000000000",
    "denom": "ibc/27394FB092D2ECCD56123C74F36E4C1F926001CEADA9CA97EA622B25F41E5EB2",
    "displayAmount": "990.000000000000000000",
    "symbol": "ATOM",
    "value": "36263.700000000000000000",
  },
  {
    "amount": "900000000.000000000000000000",
    "denom": "uosmo",
    "displayAmount": "900.000000000000000000",
    "symbol": "OSMO",
    "value": "8190.000000000000000000",
  },
]
`;

exports[`subtraction 3 1`] = `
[
  {
    "amount": "1000000000.0000000000000000",
    "denom": "ibc/27394FB092D2ECCD56123C74F36E4C1F926001CEADA9CA97EA622B25F41E5EB2",
    "displayAmount": "1000.0000000000000000",
    "symbol": "ATOM",
    "value": "36630.000000000000000000",
  },
  {
    "amount": "1000000000.0000000000000000",
    "denom": "uosmo",
    "displayAmount": "1000.0000000000000000",
    "symbol": "OSMO",
    "value": "9100.000000000000000000",
  },
]
`;

exports[`subtraction 3 2`] = `
[
  {
    "amount": "10000000.0000000000000000",
    "denom": "ibc/27394FB092D2ECCD56123C74F36E4C1F926001CEADA9CA97EA622B25F41E5EB2",
    "displayAmount": "10.0000000000000000",
    "symbol": "ATOM",
    "value": "366.300000000000000000",
  },
  {
    "amount": "100000000.0000000000000000",
    "denom": "uosmo",
    "displayAmount": "100.0000000000000000",
    "symbol": "OSMO",
    "value": "910.000000000000000000",
  },
  {
    "amount": "100000000.0000000000000000",
    "denom": "uosmo",
    "displayAmount": "100.0000000000000000",
    "symbol": "OSMO",
    "value": "910.000000000000000000",
  },
]
`;

exports[`subtraction 3 3`] = `
[
  {
    "amount": "990000000.000000000000000000",
    "denom": "ibc/27394FB092D2ECCD56123C74F36E4C1F926001CEADA9CA97EA622B25F41E5EB2",
    "displayAmount": "990.000000000000000000",
    "symbol": "ATOM",
    "value": "36263.700000000000000000",
  },
  {
    "amount": "800000000.000000000000000000",
    "denom": "uosmo",
    "displayAmount": "800.000000000000000000",
    "symbol": "OSMO",
    "value": "7280.000000000000000000",
  },
]
`;
