// Jest Snapshot v1, https://goo.gl/fbAQLP

exports[`works 1`] = `
[
  {
    "beliefValue": "257.405784230837332841",
    "buy": {
      "amount": "2423542.4892921566010000",
      "denom": "ibc/0EF15DF2F02480ADE0BB6E85D9EBB5DAEA2836D3860E9F97F9AADE4F57A31AA0",
      "displayAmount": "2.423542489292156601",
      "symbol": "LUNC",
      "value": "257.405784230837332841",
    },
    "sell": {
      "amount": "30976769.6817669760000000",
      "denom": "uosmo",
      "displayAmount": "30.976769681766976000",
      "symbol": "OSMO",
      "value": "257.405784230837332841",
    },
  },
]
`;
